<?xml version="1.0" encoding="utf-8"?>
<TestRun id="6d1f1c14-75f5-46c9-8107-7d6930d548bd" name="jnort@WIN-AIQGVO8AH16 2025-08-29 15:06:43" runUser="WIN-AIQGVO8AH16\jnort" xmlns="http://microsoft.com/schemas/VisualStudio/TeamTest/2010">
  <Times creation="2025-08-29T15:06:43.1320311-04:00" queuing="2025-08-29T15:06:43.1320315-04:00" start="2025-08-29T15:06:40.3068883-04:00" finish="2025-08-29T15:06:43.2335051-04:00" />
  <TestSettings name="default" id="0939bb42-d33e-4c9e-8bf7-cf5d34327c39">
    <Deployment runDeploymentRoot="jnort_WIN-AIQGVO8AH16_2025-08-29_15_06_43" />
  </TestSettings>
  <Results>
    <UnitTestResult executionId="82422d8c-2a18-46d0-b3ec-77e12f2cc35c" testId="4454cb54-0eb2-9712-c260-43a83f8d7dc0" testName="YourOrg.RichText.Tests.LinkPolicyTests.Scheme_allowlist(href: &quot;http://example.com&quot;, expected: True)" computerName="WIN-AIQGVO8AH16" duration="00:00:00.0000015" startTime="2025-08-29T15:06:43.0703934-04:00" endTime="2025-08-29T15:06:43.0703934-04:00" testType="13cdc9d9-ddb5-4fa4-a97d-d965ccfc6d4b" outcome="Passed" testListId="8c84fa94-04c1-424b-9868-57a2d4851a1d" relativeResultsDirectory="82422d8c-2a18-46d0-b3ec-77e12f2cc35c" />
    <UnitTestResult executionId="0c295e57-d28b-4984-b31d-428b83300442" testId="2eee6690-37b9-ea78-298f-e630d049d7bf" testName="YourOrg.RichText.Tests.LinkPolicyTests.Scheme_allowlist(href: &quot;javascript:alert(1)&quot;, expected: False)" computerName="WIN-AIQGVO8AH16" duration="00:00:00.0000098" startTime="2025-08-29T15:06:43.0704093-04:00" endTime="2025-08-29T15:06:43.0704093-04:00" testType="13cdc9d9-ddb5-4fa4-a97d-d965ccfc6d4b" outcome="Passed" testListId="8c84fa94-04c1-424b-9868-57a2d4851a1d" relativeResultsDirectory="0c295e57-d28b-4984-b31d-428b83300442" />
    <UnitTestResult executionId="2d564720-8a05-4164-b6ab-48b99458e71d" testId="0a3d2d37-6342-0a01-d493-b0fb982d7706" testName="YourOrg.RichText.Tests.LinkPolicyTests.Server_sanitizer_removes_disallowed_and_enforces_link_policy" computerName="WIN-AIQGVO8AH16" duration="00:00:00.1217284" startTime="2025-08-29T15:06:43.1888784-04:00" endTime="2025-08-29T15:06:43.1888788-04:00" testType="13cdc9d9-ddb5-4fa4-a97d-d965ccfc6d4b" outcome="Passed" testListId="8c84fa94-04c1-424b-9868-57a2d4851a1d" relativeResultsDirectory="2d564720-8a05-4164-b6ab-48b99458e71d" />
    <UnitTestResult executionId="1b9a8b40-6cf2-44c2-89f8-6ef1df53a206" testId="56ad2f2a-26b2-9d54-ad4d-4010d11f9b04" testName="YourOrg.RichText.Tests.LinkPolicyTests.Scheme_allowlist(href: &quot;tel:123&quot;, expected: True)" computerName="WIN-AIQGVO8AH16" duration="00:00:00.0002335" startTime="2025-08-29T15:06:43.0701179-04:00" endTime="2025-08-29T15:06:43.0701179-04:00" testType="13cdc9d9-ddb5-4fa4-a97d-d965ccfc6d4b" outcome="Passed" testListId="8c84fa94-04c1-424b-9868-57a2d4851a1d" relativeResultsDirectory="1b9a8b40-6cf2-44c2-89f8-6ef1df53a206" />
    <UnitTestResult executionId="74f7b9bf-81da-4ade-ac0e-1ff74854f6a8" testId="80f156b4-b800-22ec-bd3f-2bd82bc2a08e" testName="YourOrg.RichText.Tests.LinkPolicyTests.Scheme_allowlist(href: &quot;mailto:user@example.com&quot;, expected: True)" computerName="WIN-AIQGVO8AH16" duration="00:00:00.3710857" startTime="2025-08-29T15:06:43.0674715-04:00" endTime="2025-08-29T15:06:43.0674877-04:00" testType="13cdc9d9-ddb5-4fa4-a97d-d965ccfc6d4b" outcome="Passed" testListId="8c84fa94-04c1-424b-9868-57a2d4851a1d" relativeResultsDirectory="74f7b9bf-81da-4ade-ac0e-1ff74854f6a8" />
    <UnitTestResult executionId="f24a2107-2897-4064-a4fe-fca2b21116f9" testId="939ec029-59bd-a7a8-ff6a-e2a40d0077fc" testName="YourOrg.RichText.Tests.LinkPolicyTests.Scheme_allowlist(href: &quot;https://example.com&quot;, expected: True)" computerName="WIN-AIQGVO8AH16" duration="00:00:00.0000101" startTime="2025-08-29T15:06:43.0703669-04:00" endTime="2025-08-29T15:06:43.0703670-04:00" testType="13cdc9d9-ddb5-4fa4-a97d-d965ccfc6d4b" outcome="Passed" testListId="8c84fa94-04c1-424b-9868-57a2d4851a1d" relativeResultsDirectory="f24a2107-2897-4064-a4fe-fca2b21116f9" />
    <UnitTestResult executionId="8cf45ef5-8bde-4c09-80e0-030cb5bc3fb3" testId="e3bae068-2120-a064-6320-f82414e92b14" testName="YourOrg.RichText.Tests.LinkPolicyTests.Scheme_allowlist(href: &quot;data:text/html;base64,abcd&quot;, expected: False)" computerName="WIN-AIQGVO8AH16" duration="00:00:00.0000013" startTime="2025-08-29T15:06:43.0704369-04:00" endTime="2025-08-29T15:06:43.0704369-04:00" testType="13cdc9d9-ddb5-4fa4-a97d-d965ccfc6d4b" outcome="Passed" testListId="8c84fa94-04c1-424b-9868-57a2d4851a1d" relativeResultsDirectory="8cf45ef5-8bde-4c09-80e0-030cb5bc3fb3" />
  </Results>
  <TestDefinitions>
    <UnitTest name="YourOrg.RichText.Tests.LinkPolicyTests.Scheme_allowlist(href: &quot;http://example.com&quot;, expected: True)" storage="c:\users\jnort\onedrive\documents\github\ednotes\tests\unit\bin\debug\net8.0\yourorg.richtext.tests.dll" id="4454cb54-0eb2-9712-c260-43a83f8d7dc0">
      <Execution id="82422d8c-2a18-46d0-b3ec-77e12f2cc35c" />
      <TestMethod codeBase="C:\Users\jnort\OneDrive\Documents\GitHub\EdNotes\tests\unit\bin\Debug\net8.0\YourOrg.RichText.Tests.dll" adapterTypeName="executor://xunit/VsTestRunner2/netcoreapp" className="YourOrg.RichText.Tests.LinkPolicyTests" name="Scheme_allowlist" />
    </UnitTest>
    <UnitTest name="YourOrg.RichText.Tests.LinkPolicyTests.Scheme_allowlist(href: &quot;javascript:alert(1)&quot;, expected: False)" storage="c:\users\jnort\onedrive\documents\github\ednotes\tests\unit\bin\debug\net8.0\yourorg.richtext.tests.dll" id="2eee6690-37b9-ea78-298f-e630d049d7bf">
      <Execution id="0c295e57-d28b-4984-b31d-428b83300442" />
      <TestMethod codeBase="C:\Users\jnort\OneDrive\Documents\GitHub\EdNotes\tests\unit\bin\Debug\net8.0\YourOrg.RichText.Tests.dll" adapterTypeName="executor://xunit/VsTestRunner2/netcoreapp" className="YourOrg.RichText.Tests.LinkPolicyTests" name="Scheme_allowlist" />
    </UnitTest>
    <UnitTest name="YourOrg.RichText.Tests.LinkPolicyTests.Scheme_allowlist(href: &quot;data:text/html;base64,abcd&quot;, expected: False)" storage="c:\users\jnort\onedrive\documents\github\ednotes\tests\unit\bin\debug\net8.0\yourorg.richtext.tests.dll" id="e3bae068-2120-a064-6320-f82414e92b14">
      <Execution id="8cf45ef5-8bde-4c09-80e0-030cb5bc3fb3" />
      <TestMethod codeBase="C:\Users\jnort\OneDrive\Documents\GitHub\EdNotes\tests\unit\bin\Debug\net8.0\YourOrg.RichText.Tests.dll" adapterTypeName="executor://xunit/VsTestRunner2/netcoreapp" className="YourOrg.RichText.Tests.LinkPolicyTests" name="Scheme_allowlist" />
    </UnitTest>
    <UnitTest name="YourOrg.RichText.Tests.LinkPolicyTests.Scheme_allowlist(href: &quot;tel:123&quot;, expected: True)" storage="c:\users\jnort\onedrive\documents\github\ednotes\tests\unit\bin\debug\net8.0\yourorg.richtext.tests.dll" id="56ad2f2a-26b2-9d54-ad4d-4010d11f9b04">
      <Execution id="1b9a8b40-6cf2-44c2-89f8-6ef1df53a206" />
      <TestMethod codeBase="C:\Users\jnort\OneDrive\Documents\GitHub\EdNotes\tests\unit\bin\Debug\net8.0\YourOrg.RichText.Tests.dll" adapterTypeName="executor://xunit/VsTestRunner2/netcoreapp" className="YourOrg.RichText.Tests.LinkPolicyTests" name="Scheme_allowlist" />
    </UnitTest>
    <UnitTest name="YourOrg.RichText.Tests.LinkPolicyTests.Server_sanitizer_removes_disallowed_and_enforces_link_policy" storage="c:\users\jnort\onedrive\documents\github\ednotes\tests\unit\bin\debug\net8.0\yourorg.richtext.tests.dll" id="0a3d2d37-6342-0a01-d493-b0fb982d7706">
      <Execution id="2d564720-8a05-4164-b6ab-48b99458e71d" />
      <TestMethod codeBase="C:\Users\jnort\OneDrive\Documents\GitHub\EdNotes\tests\unit\bin\Debug\net8.0\YourOrg.RichText.Tests.dll" adapterTypeName="executor://xunit/VsTestRunner2/netcoreapp" className="YourOrg.RichText.Tests.LinkPolicyTests" name="Server_sanitizer_removes_disallowed_and_enforces_link_policy" />
    </UnitTest>
    <UnitTest name="YourOrg.RichText.Tests.LinkPolicyTests.Scheme_allowlist(href: &quot;mailto:user@example.com&quot;, expected: True)" storage="c:\users\jnort\onedrive\documents\github\ednotes\tests\unit\bin\debug\net8.0\yourorg.richtext.tests.dll" id="80f156b4-b800-22ec-bd3f-2bd82bc2a08e">
      <Execution id="74f7b9bf-81da-4ade-ac0e-1ff74854f6a8" />
      <TestMethod codeBase="C:\Users\jnort\OneDrive\Documents\GitHub\EdNotes\tests\unit\bin\Debug\net8.0\YourOrg.RichText.Tests.dll" adapterTypeName="executor://xunit/VsTestRunner2/netcoreapp" className="YourOrg.RichText.Tests.LinkPolicyTests" name="Scheme_allowlist" />
    </UnitTest>
    <UnitTest name="YourOrg.RichText.Tests.LinkPolicyTests.Scheme_allowlist(href: &quot;https://example.com&quot;, expected: True)" storage="c:\users\jnort\onedrive\documents\github\ednotes\tests\unit\bin\debug\net8.0\yourorg.richtext.tests.dll" id="939ec029-59bd-a7a8-ff6a-e2a40d0077fc">
      <Execution id="f24a2107-2897-4064-a4fe-fca2b21116f9" />
      <TestMethod codeBase="C:\Users\jnort\OneDrive\Documents\GitHub\EdNotes\tests\unit\bin\Debug\net8.0\YourOrg.RichText.Tests.dll" adapterTypeName="executor://xunit/VsTestRunner2/netcoreapp" className="YourOrg.RichText.Tests.LinkPolicyTests" name="Scheme_allowlist" />
    </UnitTest>
  </TestDefinitions>
  <TestEntries>
    <TestEntry testId="4454cb54-0eb2-9712-c260-43a83f8d7dc0" executionId="82422d8c-2a18-46d0-b3ec-77e12f2cc35c" testListId="8c84fa94-04c1-424b-9868-57a2d4851a1d" />
    <TestEntry testId="2eee6690-37b9-ea78-298f-e630d049d7bf" executionId="0c295e57-d28b-4984-b31d-428b83300442" testListId="8c84fa94-04c1-424b-9868-57a2d4851a1d" />
    <TestEntry testId="0a3d2d37-6342-0a01-d493-b0fb982d7706" executionId="2d564720-8a05-4164-b6ab-48b99458e71d" testListId="8c84fa94-04c1-424b-9868-57a2d4851a1d" />
    <TestEntry testId="56ad2f2a-26b2-9d54-ad4d-4010d11f9b04" executionId="1b9a8b40-6cf2-44c2-89f8-6ef1df53a206" testListId="8c84fa94-04c1-424b-9868-57a2d4851a1d" />
    <TestEntry testId="80f156b4-b800-22ec-bd3f-2bd82bc2a08e" executionId="74f7b9bf-81da-4ade-ac0e-1ff74854f6a8" testListId="8c84fa94-04c1-424b-9868-57a2d4851a1d" />
    <TestEntry testId="939ec029-59bd-a7a8-ff6a-e2a40d0077fc" executionId="f24a2107-2897-4064-a4fe-fca2b21116f9" testListId="8c84fa94-04c1-424b-9868-57a2d4851a1d" />
    <TestEntry testId="e3bae068-2120-a064-6320-f82414e92b14" executionId="8cf45ef5-8bde-4c09-80e0-030cb5bc3fb3" testListId="8c84fa94-04c1-424b-9868-57a2d4851a1d" />
  </TestEntries>
  <TestLists>
    <TestList name="Results Not in a List" id="8c84fa94-04c1-424b-9868-57a2d4851a1d" />
    <TestList name="All Loaded Results" id="19431567-8539-422a-85d7-44ee4e166bda" />
  </TestLists>
  <ResultSummary outcome="Completed">
    <Counters total="7" executed="7" passed="7" failed="0" error="0" timeout="0" aborted="0" inconclusive="0" passedButRunAborted="0" notRunnable="0" notExecuted="0" disconnected="0" warning="0" completed="0" inProgress="0" pending="0" />
    <Output>
      <StdOut>[xUnit.net 00:00:00.00] xUnit.net VSTest Adapter v2.5.0.1+5ebf84cd75 (64-bit .NET 8.0.19)&#xD;
[xUnit.net 00:00:00.89]   Discovering: YourOrg.RichText.Tests&#xD;
[xUnit.net 00:00:00.95]   Discovered:  YourOrg.RichText.Tests&#xD;
[xUnit.net 00:00:00.95]   Starting:    YourOrg.RichText.Tests&#xD;
[xUnit.net 00:00:01.48]   Finished:    YourOrg.RichText.Tests&#xD;
</StdOut>
    </Output>
  </ResultSummary>
</TestRun>